--------------------------------------------------------------------------------------
Timing Analyzer Summary
--------------------------------------------------------------------------------------

Type           : Worst-case tco
Slack          : N/A
Required Time  : None
Actual Time    : 9.000 ns
From           : test4count:instname|lpm_counter:Q_rtl_0|dffs[3]
To             : Z
From Clock     : clock
To Clock       : --
Failed Paths   : 0

Type           : Worst-case tpd
Slack          : N/A
Required Time  : None
Actual Time    : 6.000 ns
From           : clock
To             : Z
From Clock     : --
To Clock       : --
Failed Paths   : 0

Type           : Clock Setup: 'clock'
Slack          : N/A
Required Time  : None
Actual Time    : 142.86 MHz ( period = 7.000 ns )
From           : test4count:instname|lpm_counter:Q_rtl_0|dffs[3]
To             : test4count:instname|lpm_counter:Q_rtl_0|dffs[3]
From Clock     : clock
To Clock       : clock
Failed Paths   : 0

Type           : Total number of failed paths
Slack          : 
Required Time  : 
Actual Time    : 
From           : 
To             : 
From Clock     : 
To Clock       : 
Failed Paths   : 0

--------------------------------------------------------------------------------------

